VCD info: dumpfile xtop.vcd opened for output.
<
Catched Trap at time  427 clock cycles:
