VCD info: dumpfile xtop.vcd opened for output.
8
Catched Trap at time  454 clock cycles:
