VCD info: dumpfile xtop.vcd opened for output.
03FFB 03FEF 03FEF
0
Catched Trap at time  8471 clock cycles:
