VCD info: dumpfile xtop.vcd opened for output.
>
Catched Trap at time  960 clock cycles:
