VCD info: dumpfile xtop.vcd opened for output.
3
1
Catched Trap at time  708 clock cycles:
