VCD info: dumpfile xtop.vcd opened for output.
0 1 2 3 4 5 6 7 8 9 7
0
Catched Trap at time  7328 clock cycles:
