VCD info: dumpfile xtop.vcd opened for output.
xyZ0
Catched Trap at time  536 clock cycles:
