VCD info: dumpfile xtop.vcd opened for output.
7
Catched Trap at time  825 clock cycles:
