VCD info: dumpfile xtop.vcd opened for output.
2
3
4
6
8
9
12
16
18
24
36
48
72
=
Catched Trap at time  137036 clock cycles:
