VCD info: dumpfile xtop.vcd opened for output.
5
Catched Trap at time  371 clock cycles:
