VCD info: dumpfile xtop.vcd opened for output.
1
Catched Trap at time  432 clock cycles:
