VCD info: dumpfile xtop.vcd opened for output.
 * 2^4 * 3^1
0
Catched Trap at time  15445 clock cycles:
