VCD info: dumpfile xtop.vcd opened for output.
 1 2 3 5 8 13 21 34 55 89 144 233 377 610 987 1597
0
Catched Trap at time  51473 clock cycles:
