VCD info: dumpfile xtop.vcd opened for output.
4
Catched Trap at time  371 clock cycles:
