VCD info: dumpfile xtop.vcd opened for output.
0123456
0
Catched Trap at time  967 clock cycles:
