VCD info: dumpfile xtop.vcd opened for output.
6
Catched Trap at time  907 clock cycles:
