VCD info: dumpfile xtop.vcd opened for output.
hello world!
0
Catched Trap at time  1444 clock cycles:
