VCD info: dumpfile xtop.vcd opened for output.
7
Catched Trap at time  598 clock cycles:
