VCD info: dumpfile xtop.vcd opened for output.
0
Catched Trap at time  430 clock cycles:
