VCD info: dumpfile xtop.vcd opened for output.
9
Catched Trap at time  656 clock cycles:
