VCD info: dumpfile xtop.vcd opened for output.
1: 2
2: 3
3: 5
4: 7
5: 11
6: 13
7: 17
8: 19
9: 23
0
Catched Trap at time  75452 clock cycles:
