VCD info: dumpfile xtop.vcd opened for output.
13579BD
0
Catched Trap at time  1406 clock cycles:
