VCD info: dumpfile xtop.vcd opened for output.
579
0
Catched Trap at time  7092 clock cycles:
