VCD info: dumpfile xtop.vcd opened for output.
Hello world!
642=642
0
Catched Trap at time  7094 clock cycles:
