VCD info: dumpfile xtop.vcd opened for output.
13579
0
Catched Trap at time  34109 clock cycles:
