VCD info: dumpfile xtop.vcd opened for output.
06480
Catched Trap at time  1157 clock cycles:
