VCD info: dumpfile xtop.vcd opened for output.
rank{ 3 1 2 } = 4
0
Catched Trap at time  9010 clock cycles:
