VCD info: dumpfile xtop.vcd opened for output.
<
Catched Trap at time  1005 clock cycles:
