VCD info: dumpfile xtop.vcd opened for output.
6
Catched Trap at time  436 clock cycles:
