VCD info: dumpfile xtop.vcd opened for output.
011100
011100
010011
100101
011100
010011
010011
011100
0
Catched Trap at time  2225 clock cycles:
