VCD info: dumpfile xtop.vcd opened for output.
6
1
Catched Trap at time  375 clock cycles:
