VCD info: dumpfile xtop.vcd opened for output.
011100
011100
011100
011100

100101
100101

010011
010011
010011
010011
0
Catched Trap at time  2655 clock cycles:
