VCD info: dumpfile xtop.vcd opened for output.
97531
0
Catched Trap at time  940 clock cycles:
