VCD info: dumpfile xtop.vcd opened for output.
3
Catched Trap at time  420 clock cycles:
