VCD info: dumpfile xtop.vcd opened for output.
8
0
Catched Trap at time  398 clock cycles:
